<html>
<body>
<pre>
<h1>µVision Build Log</h1>
<h2>Tool Versions:</h2>
IDE-Version: ¦ÌVision V5.24.2.0
Copyright (C) 2017 ARM Ltd and ARM Germany GmbH. All rights reserved.
License Information: 12 Microsoft, Microsoft, LIC=FYKSB-25PHB-UGX7Q-N8NXH-IEFBR-JUHX1
 
Tool Versions:
Toolchain:       MDK-ARM Plus  Version: 5.24.1
Toolchain Path:  D:\Keil_v5\ARM\ARMCC\Bin
C Compiler:      Armcc.exe V5.06 update 5 (build 528)
Assembler:       Armasm.exe V5.06 update 5 (build 528)
Linker/Locator:  ArmLink.exe V5.06 update 5 (build 528)
Library Manager: ArmAr.exe V5.06 update 5 (build 528)
Hex Converter:   FromElf.exe V5.06 update 5 (build 528)
CPU DLL:         SARMCM3.DLL V5.24.1
Dialog DLL:      DARMSTM.DLL V1.68.0.0
Target DLL:      Segger\JL2CM3.dll V2.99.26.0
Dialog DLL:      TARMSTM.DLL V1.66.0.0
 
<h2>Project:</h2>
E:\chke\STM32\color_detection\USER\color_detection.uvprojx
Project File Date:  09/18/2017

<h2>Output:</h2>
*** Using Compiler 'V5.06 update 5 (build 528)', folder: 'D:\Keil_v5\ARM\ARMCC\Bin'
Build target 'Target'
compiling main.c...
main.c(76): warning:  #167-D: argument of type "char *" is incompatible with parameter of type "const uint8_t *"
  		ssd1331_display_string(10, 48, str_r, 
ONT_1608, RED);
main.c(77): warning:  #167-D: argument of type "char *" is incompatible with parameter of type "const uint8_t *"
  		ssd1331_display_string(40, 48, str_g, 
ONT_1608, GREEN);
main.c(78): warning:  #167-D: argument of type "char *" is incompatible with parameter of type "const uint8_t *"
  		ssd1331_display_string(70, 48, str_b, 
ONT_1608, BLUE);
main.c: 3 warnings, 0 errors
linking...
Program Size: Code=5348 RO-data=28804 RW-data=72 ZI-data=1832  
"..\OBJ\color_detection.axf" - 0 Error(s), 3 Warning(s).

<h2>Software Packages used:</h2>

Package Vendor: Keil
                http://www.keil.com/pack/Keil.STM32F1xx_DFP.2.2.0.pack
                Keil.STM32F1xx_DFP.2.2.0
                STMicroelectronics STM32F1 Series Device Support, Drivers and Examples

<h2>Collection of Component include folders:</h2>
  .\RTE\_Target
  D:\Keil_v5\ARM\PACK\Keil\STM32F1xx_DFP\2.2.0\Device\Include

<h2>Collection of Component Files used:</h2>
Build Time Elapsed:  00:00:01
</pre>
</body>
</html>
